
> blog-server@1.0.0 dev
> tsx watch src/index.ts

node:events:497
      throw er; // Unhandled 'error' event
      ^

Error: EBADF: bad file descriptor, read
Emitted 'error' event on ReadStream instance at:
    at emitErrorNT (node:internal/streams/destroy:170:8)
    at errorOrDestroy (node:internal/streams/destroy:239:7)
    at node:internal/fs/streams:275:9
    at FSReqCallback.wrapper [as oncomplete] (node:fs:669:5) {
  errno: -9,
  code: 'EBADF',
  syscall: 'read'
}

Node.js v22.22.2
Server running on http://localhost:3001
{
  severity_local: 'NOTICE',
  severity: 'NOTICE',
  code: '42P07',
  message: 'relation "users" already exists, skipping',
  file: 'parse_utilcmd.c',
  line: '210',
  routine: 'transformCreateStmt'
}
{
  severity_local: 'NOTICE',
  severity: 'NOTICE',
  code: '42P07',
  message: 'relation "categories" already exists, skipping',
  file: 'parse_utilcmd.c',
  line: '210',
  routine: 'transformCreateStmt'
}
{
  severity_local: 'NOTICE',
  severity: 'NOTICE',
  code: '42P07',
  message: 'relation "tags" already exists, skipping',
  file: 'parse_utilcmd.c',
  line: '210',
  routine: 'transformCreateStmt'
}
{
  severity_local: 'NOTICE',
  severity: 'NOTICE',
  code: '42P07',
  message: 'relation "articles" already exists, skipping',
  file: 'parse_utilcmd.c',
  line: '210',
  routine: 'transformCreateStmt'
}
{
  severity_local: 'NOTICE',
  severity: 'NOTICE',
  code: '42P07',
  message: 'relation "article_tags" already exists, skipping',
  file: 'parse_utilcmd.c',
  line: '210',
  routine: 'transformCreateStmt'
}
{
  severity_local: 'NOTICE',
  severity: 'NOTICE',
  code: '42P07',
  message: 'relation "settings" already exists, skipping',
  file: 'parse_utilcmd.c',
  line: '210',
  routine: 'transformCreateStmt'
}
{
  severity_local: 'NOTICE',
  severity: 'NOTICE',
  code: '42P07',
  message: 'relation "idx_articles_slug" already exists, skipping',
  file: 'index.c',
  line: '865',
  routine: 'index_create'
}
{
  severity_local: 'NOTICE',
  severity: 'NOTICE',
  code: '42P07',
  message: 'relation "idx_articles_status" already exists, skipping',
  file: 'index.c',
  line: '865',
  routine: 'index_create'
}
{
  severity_local: 'NOTICE',
  severity: 'NOTICE',
  code: '42P07',
  message: 'relation "idx_articles_category" already exists, skipping',
  file: 'index.c',
  line: '865',
  routine: 'index_create'
}
{
  severity_local: 'NOTICE',
  severity: 'NOTICE',
  code: '42P07',
  message: 'relation "idx_articles_created" already exists, skipping',
  file: 'index.c',
  line: '865',
  routine: 'index_create'
}
{
  severity_local: 'NOTICE',
  severity: 'NOTICE',
  code: '42P07',
  message: 'relation "idx_categories_slug" already exists, skipping',
  file: 'index.c',
  line: '865',
  routine: 'index_create'
}
{
  severity_local: 'NOTICE',
  severity: 'NOTICE',
  code: '42P07',
  message: 'relation "idx_tags_name" already exists, skipping',
  file: 'index.c',
  line: '865',
  routine: 'index_create'
}
{
  severity_local: 'NOTICE',
  severity: 'NOTICE',
  code: '42P07',
  message: 'relation "idx_article_tags_article" already exists, skipping',
  file: 'index.c',
  line: '865',
  routine: 'index_create'
}
{
  severity_local: 'NOTICE',
  severity: 'NOTICE',
  code: '42P07',
  message: 'relation "idx_article_tags_tag" already exists, skipping',
  file: 'index.c',
  line: '865',
  routine: 'index_create'
}
Database initialized
Server running on http://localhost:3001
{
  severity_local: 'NOTICE',
  severity: 'NOTICE',
  code: '42P07',
  message: 'relation "users" already exists, skipping',
  file: 'parse_utilcmd.c',
  line: '210',
  routine: 'transformCreateStmt'
}
{
  severity_local: 'NOTICE',
  severity: 'NOTICE',
  code: '42P07',
  message: 'relation "categories" already exists, skipping',
  file: 'parse_utilcmd.c',
  line: '210',
  routine: 'transformCreateStmt'
}
{
  severity_local: 'NOTICE',
  severity: 'NOTICE',
  code: '42P07',
  message: 'relation "tags" already exists, skipping',
  file: 'parse_utilcmd.c',
  line: '210',
  routine: 'transformCreateStmt'
}
{
  severity_local: 'NOTICE',
  severity: 'NOTICE',
  code: '42P07',
  message: 'relation "articles" already exists, skipping',
  file: 'parse_utilcmd.c',
  line: '210',
  routine: 'transformCreateStmt'
}
{
  severity_local: 'NOTICE',
  severity: 'NOTICE',
  code: '42P07',
  message: 'relation "article_tags" already exists, skipping',
  file: 'parse_utilcmd.c',
  line: '210',
  routine: 'transformCreateStmt'
}
{
  severity_local: 'NOTICE',
  severity: 'NOTICE',
  code: '42P07',
  message: 'relation "settings" already exists, skipping',
  file: 'parse_utilcmd.c',
  line: '210',
  routine: 'transformCreateStmt'
}
{
  severity_local: 'NOTICE',
  severity: 'NOTICE',
  code: '42P07',
  message: 'relation "idx_articles_slug" already exists, skipping',
  file: 'index.c',
  line: '865',
  routine: 'index_create'
}
{
  severity_local: 'NOTICE',
  severity: 'NOTICE',
  code: '42P07',
  message: 'relation "idx_articles_status" already exists, skipping',
  file: 'index.c',
  line: '865',
  routine: 'index_create'
}
{
  severity_local: 'NOTICE',
  severity: 'NOTICE',
  code: '42P07',
  message: 'relation "idx_articles_category" already exists, skipping',
  file: 'index.c',
  line: '865',
  routine: 'index_create'
}
{
  severity_local: 'NOTICE',
  severity: 'NOTICE',
  code: '42P07',
  message: 'relation "idx_articles_created" already exists, skipping',
  file: 'index.c',
  line: '865',
  routine: 'index_create'
}
{
  severity_local: 'NOTICE',
  severity: 'NOTICE',
  code: '42P07',
  message: 'relation "idx_categories_slug" already exists, skipping',
  file: 'index.c',
  line: '865',
  routine: 'index_create'
}
{
  severity_local: 'NOTICE',
  severity: 'NOTICE',
  code: '42P07',
  message: 'relation "idx_tags_name" already exists, skipping',
  file: 'index.c',
  line: '865',
  routine: 'index_create'
}
{
  severity_local: 'NOTICE',
  severity: 'NOTICE',
  code: '42P07',
  message: 'relation "idx_article_tags_article" already exists, skipping',
  file: 'index.c',
  line: '865',
  routine: 'index_create'
}
{
  severity_local: 'NOTICE',
  severity: 'NOTICE',
  code: '42P07',
  message: 'relation "idx_article_tags_tag" already exists, skipping',
  file: 'index.c',
  line: '865',
  routine: 'index_create'
}
Database initialized
